Info: Saved "ICF_1A_master.blend"

FBX export starting... '/workspace/shared/icf-detail/icf_detail_v02/1A/ICF_1A.fbx'
export finished in 3.6890 sec.
BUILT_VARIANT 1A {"triangles": 669070, "materials": 32, "pax": 18, "berths": 18}
Info: Saved "ICF_2A_master.blend"

FBX export starting... '/workspace/shared/icf-detail/icf_detail_v02/2A/ICF_2A.fbx'
export finished in 4.9526 sec.
BUILT_VARIANT 2A {"triangles": 828278, "materials": 32, "pax": 46, "berths": 46}
Info: Saved "ICF_3A_master.blend"

FBX export starting... '/workspace/shared/icf-detail/icf_detail_v02/3A/ICF_3A.fbx'
export finished in 4.3833 sec.
BUILT_VARIANT 3A {"triangles": 720818, "materials": 31, "pax": 64, "berths": 64}
Info: Saved "ICF_2S_master.blend"

FBX export starting... '/workspace/shared/icf-detail/icf_detail_v02/2S/ICF_2S.fbx'
export finished in 5.7349 sec.
BUILT_VARIANT 2S {"triangles": 990082, "materials": 31, "pax": 108, "berths": 0}
Info: Saved "ICF_CC_master.blend"

FBX export starting... '/workspace/shared/icf-detail/icf_detail_v02/CC/ICF_CC.fbx'
export finished in 6.1219 sec.
BUILT_VARIANT CC {"triangles": 1121250, "materials": 32, "pax": 73, "berths": 0}
Info: Saved "ICF_SL_master.blend"

FBX export starting... '/workspace/shared/icf-detail/icf_detail_v02/SL/ICF_SL.fbx'
export finished in 5.7337 sec.
BUILT_VARIANT SL {"triangles": 791810, "materials": 31, "pax": 72, "berths": 72}
Info: Saved "ICF_GS_master.blend"

FBX export starting... '/workspace/shared/icf-detail/icf_detail_v02/GS/ICF_GS.fbx'
export finished in 5.1178 sec.
BUILT_VARIANT GS {"triangles": 705578, "materials": 31, "pax": 108, "berths": 0}
Blender 4.3.2

Blender quit
