Info: Saved "ICF_3A_master.blend"

FBX export starting... '/workspace/shared/icf-detail/icf_detail_v02/3A/ICF_3A.fbx'
export finished in 3.8958 sec.
BUILT_VARIANT 3A {"triangles": 759769, "materials": 31, "pax": 64, "berths": 64}
Blender 4.3.2

Blender quit
Info: Saved "ICF_2S_master.blend"

FBX export starting... '/workspace/shared/icf-detail/icf_detail_v02/2S/ICF_2S.fbx'
export finished in 4.6442 sec.
BUILT_VARIANT 2S {"triangles": 1015064, "materials": 31, "pax": 108, "berths": 0}
Blender 4.3.2

Blender quit
Info: Saved "ICF_CC_master.blend"

FBX export starting... '/workspace/shared/icf-detail/icf_detail_v02/CC/ICF_CC.fbx'
export finished in 4.8558 sec.
BUILT_VARIANT CC {"triangles": 1217328, "materials": 32, "pax": 73, "berths": 0}
Blender 4.3.2

Blender quit
Info: Saved "ICF_SL_master.blend"

FBX export starting... '/workspace/shared/icf-detail/icf_detail_v02/SL/ICF_SL.fbx'
export finished in 5.0954 sec.
BUILT_VARIANT SL {"triangles": 830649, "materials": 31, "pax": 72, "berths": 72}
Blender 4.3.2

Blender quit
Info: Saved "ICF_GS_master.blend"

FBX export starting... '/workspace/shared/icf-detail/icf_detail_v02/GS/ICF_GS.fbx'
export finished in 4.4930 sec.
BUILT_VARIANT GS {"triangles": 735462, "materials": 31, "pax": 108, "berths": 0}
Blender 4.3.2

Blender quit
