Info: Saved "ICF_1A_master.blend"

FBX export starting... '/workspace/shared/icf-detail/icf_detail_v02/1A/ICF_1A.fbx'
export finished in 3.9380 sec.
BUILT_VARIANT 1A {"triangles": 726082, "materials": 32, "pax": 18, "berths": 18}
Info: Saved "ICF_2A_master.blend"

FBX export starting... '/workspace/shared/icf-detail/icf_detail_v02/2A/ICF_2A.fbx'
export finished in 4.9405 sec.
BUILT_VARIANT 2A {"triangles": 936677, "materials": 32, "pax": 46, "berths": 46}
Info: Saved "ICF_3A_master.blend"

FBX export starting... '/workspace/shared/icf-detail/icf_detail_v02/3A/ICF_3A.fbx'
export finished in 4.0767 sec.
BUILT_VARIANT 3A {"triangles": 767065, "materials": 31, "pax": 64, "berths": 64}
Info: Saved "ICF_2S_master.blend"

FBX export starting... '/workspace/shared/icf-detail/icf_detail_v02/2S/ICF_2S.fbx'
export finished in 5.0184 sec.
BUILT_VARIANT 2S {"triangles": 1015064, "materials": 31, "pax": 108, "berths": 0}
Info: Saved "ICF_CC_master.blend"

FBX export starting... '/workspace/shared/icf-detail/icf_detail_v02/CC/ICF_CC.fbx'
export finished in 5.4279 sec.
BUILT_VARIANT CC {"triangles": 1217328, "materials": 32, "pax": 73, "berths": 0}
Info: Saved "ICF_SL_master.blend"

FBX export starting... '/workspace/shared/icf-detail/icf_detail_v02/SL/ICF_SL.fbx'
export finished in 4.9572 sec.
BUILT_VARIANT SL {"triangles": 838857, "materials": 31, "pax": 72, "berths": 72}
Info: Saved "ICF_GS_master.blend"

FBX export starting... '/workspace/shared/icf-detail/icf_detail_v02/GS/ICF_GS.fbx'
export finished in 4.8254 sec.
BUILT_VARIANT GS {"triangles": 735462, "materials": 31, "pax": 108, "berths": 0}
Blender 4.3.2

Blender quit
