Info: Saved "ICF_1A_master.blend"

FBX export starting... '/workspace/shared/icf-detail/icf_detail_v02/1A/ICF_1A.fbx'
export finished in 4.1812 sec.
STENCIL_PATCHED 1A WGFAC  18  BERTHS 5602
Info: Saved "ICF_2A_master.blend"

FBX export starting... '/workspace/shared/icf-detail/icf_detail_v02/2A/ICF_2A.fbx'
export finished in 4.9062 sec.
STENCIL_PATCHED 2A WGACCW  46  BERTHS 7153
Info: Saved "ICF_3A_master.blend"

FBX export starting... '/workspace/shared/icf-detail/icf_detail_v02/3A/ICF_3A.fbx'
export finished in 3.9365 sec.
STENCIL_PATCHED 3A WGACCN  64  BERTHS 6010
Info: Saved "ICF_2S_master.blend"

FBX export starting... '/workspace/shared/icf-detail/icf_detail_v02/2S/ICF_2S.fbx'
export finished in 4.4114 sec.
STENCIL_PATCHED 2S WGSCZ  108  SEATS 7011
Info: Saved "ICF_CC_master.blend"

FBX export starting... '/workspace/shared/icf-detail/icf_detail_v02/CC/ICF_CC.fbx'
export finished in 5.3972 sec.
STENCIL_PATCHED CC WGSCZAC  73  SEATS 7613
Info: Saved "ICF_SL_master.blend"

FBX export starting... '/workspace/shared/icf-detail/icf_detail_v02/SL/ICF_SL.fbx'
export finished in 5.5645 sec.
STENCIL_PATCHED SL WGSCN  72  BERTHS 7506
Info: Saved "ICF_GS_master.blend"

FBX export starting... '/workspace/shared/icf-detail/icf_detail_v02/GS/ICF_GS.fbx'
export finished in 4.9779 sec.
STENCIL_PATCHED GS GS  108  SEATS 6750
Blender 4.3.2
Read blend: "/workspace/shared/icf-detail/icf_detail_v02/1A/ICF_1A_master.blend"
Read blend: "/workspace/shared/icf-detail/icf_detail_v02/2A/ICF_2A_master.blend"
Read blend: "/workspace/shared/icf-detail/icf_detail_v02/3A/ICF_3A_master.blend"
Read blend: "/workspace/shared/icf-detail/icf_detail_v02/2S/ICF_2S_master.blend"
Read blend: "/workspace/shared/icf-detail/icf_detail_v02/CC/ICF_CC_master.blend"
Read blend: "/workspace/shared/icf-detail/icf_detail_v02/SL/ICF_SL_master.blend"
Read blend: "/workspace/shared/icf-detail/icf_detail_v02/GS/ICF_GS_master.blend"

Blender quit
