1A geometry 0
1A fbx 0
R06_CHECKED {"variant": "1A", "geometry": true, "apertures": true, "source_fit": true, "fbx": true, "geometry_failed_checks": [], "fbx_errors": []}
2A geometry 0
2A fbx 0
R06_CHECKED {"variant": "2A", "geometry": true, "apertures": true, "source_fit": true, "fbx": true, "geometry_failed_checks": [], "fbx_errors": []}
3A geometry 0
3A fbx 0
R06_CHECKED {"variant": "3A", "geometry": true, "apertures": true, "source_fit": true, "fbx": true, "geometry_failed_checks": [], "fbx_errors": []}
2S geometry 0
2S fbx 0
R06_CHECKED {"variant": "2S", "geometry": true, "apertures": true, "source_fit": true, "fbx": true, "geometry_failed_checks": [], "fbx_errors": []}
CC geometry 0
CC fbx 0
R06_CHECKED {"variant": "CC", "geometry": true, "apertures": true, "source_fit": true, "fbx": true, "geometry_failed_checks": [], "fbx_errors": []}
SL geometry 0
SL fbx 0
R06_CHECKED {"variant": "SL", "geometry": true, "apertures": true, "source_fit": true, "fbx": true, "geometry_failed_checks": [], "fbx_errors": []}
GS geometry 0
GS fbx 0
R06_CHECKED {"variant": "GS", "geometry": true, "apertures": true, "source_fit": true, "fbx": true, "geometry_failed_checks": [], "fbx_errors": []}
